Archive member included to satisfy reference by file (symbol)

/opt/riscv/lib/gcc/riscv32-unknown-elf/12.1.0/libgcc.a(muldi3.o)
                              counter_la_wlop.elf-matmul.o (__mulsi3)

Memory Configuration

Name             Origin             Length             Attributes
vexriscv_debug   0x00000000f00f0000 0x0000000000000100
dff              0x0000000000000000 0x0000000000000400
dff2             0x0000000000000400 0x0000000000000200
flash            0x0000000010000000 0x0000000001000000
mprj             0x0000000030000000 0x0000000000100000
mprjram          0x0000000038000000 0x0000000000400000
hk               0x0000000026000000 0x0000000000100000
csr              0x00000000f0000000 0x0000000000010000
*default*        0x0000000000000000 0xffffffffffffffff

Linker script and memory map

                0x0000000000000000                __DYNAMIC = 0x0

.text           0x0000000010000000      0x1fc
                0x0000000010000000                _ftext = .
 *crt0*(.text)
 .text          0x0000000010000000      0x148 counter_la_wlop.elf-crt0_vex.o
                0x0000000010000000                _start
                0x0000000010000020                trap_entry
 *crt0*(.text)
 *(.text.isr)
                0x0000000010000148                _etext = .
 .text          0x0000000010000148       0x3c counter_la_wlop.elf-isr.o
                0x0000000010000148                isr
 .text          0x0000000010000184        0x0 counter_la_wlop.elf-matmul.o
 .text          0x0000000010000184        0x0 counter_la_wlop.elf-qsort.o
 .text          0x0000000010000184        0x0 counter_la_wlop.elf-fir.o
 .text          0x0000000010000184        0x0 counter_la_wlop.elf-uart.o
 .text          0x0000000010000184       0x78 counter_la_wlop.elf-counter_la_wlop.o
                0x0000000010000184                putchar
                0x00000000100001c8                print

.mprj           0x00000000100001fc       0xe8
 .mprj          0x00000000100001fc       0xe8 counter_la_wlop.elf-uart.o
                0x00000000100001fc                uart_write
                0x0000000010000214                uart_write_char
                0x0000000010000258                uart_write_string
                0x000000001000028c                uart_read_char
                0x00000000100002bc                uart_read

.text.startup   0x00000000100002e4      0x1a0
 .text.startup  0x00000000100002e4      0x1a0 counter_la_wlop.elf-counter_la_wlop.o
                0x00000000100002e4                main

.rodata         0x0000000010000484        0x4
                0x0000000010000488                . = ALIGN (0x8)
 *fill*         0x0000000010000484        0x4 
                0x0000000010000488                _frodata = .
 *(.rodata .rodata.* .gnu.linkonce.r.*)
 *(.rodata1)
                0x0000000010000488                . = ALIGN (0x8)
                0x0000000010000488                _erodata = .

.data           0x0000000000000000      0x108 load address 0x0000000010000488
                0x0000000000000000                . = ALIGN (0x8)
                0x0000000000000000                _fdata = .
 *(.data .data.* .gnu.linkonce.d.*)
 .data          0x0000000000000000        0x0 counter_la_wlop.elf-crt0_vex.o
 .data          0x0000000000000000        0x0 counter_la_wlop.elf-isr.o
 .data          0x0000000000000000       0x80 counter_la_wlop.elf-matmul.o
                0x0000000000000000                A
                0x0000000000000040                B
 .data          0x0000000000000080       0x28 counter_la_wlop.elf-qsort.o
                0x0000000000000080                Q
 .data          0x00000000000000a8       0x58 counter_la_wlop.elf-fir.o
                0x00000000000000a8                taps
                0x00000000000000d4                inputsignal
 .data          0x0000000000000100        0x0 counter_la_wlop.elf-uart.o
 .data          0x0000000000000100        0x0 counter_la_wlop.elf-counter_la_wlop.o
 .data          0x0000000000000100        0x0 /opt/riscv/lib/gcc/riscv32-unknown-elf/12.1.0/libgcc.a(muldi3.o)
 *(.data1)
                0x0000000000000100                _gp = ALIGN (0x10)
 *(.sdata .sdata.* .gnu.linkonce.s.*)
 .sdata         0x0000000000000100        0x4 counter_la_wlop.elf-isr.o
                0x0000000000000100                counter
                0x0000000000000108                . = ALIGN (0x8)
 *fill*         0x0000000000000104        0x4 
                0x0000000000000108                _edata = .

.bss            0x0000000000000108       0x98 load address 0x0000000010000590
                0x0000000000000108                . = ALIGN (0x8)
                0x0000000000000108                _fbss = .
 *(.dynsbss)
 *(.sbss .sbss.* .gnu.linkonce.sb.*)
 *(.scommon)
 *(.dynbss)
 *(.bss .bss.* .gnu.linkonce.b.*)
 .bss           0x0000000000000108        0x0 counter_la_wlop.elf-crt0_vex.o
 .bss           0x0000000000000108        0x0 counter_la_wlop.elf-isr.o
 .bss           0x0000000000000108       0x40 counter_la_wlop.elf-matmul.o
                0x0000000000000108                result
 .bss           0x0000000000000148        0x0 counter_la_wlop.elf-qsort.o
 .bss           0x0000000000000148       0x58 counter_la_wlop.elf-fir.o
                0x0000000000000148                inputbuffer
                0x0000000000000174                outputsignal
 .bss           0x00000000000001a0        0x0 counter_la_wlop.elf-uart.o
 .bss           0x00000000000001a0        0x0 counter_la_wlop.elf-counter_la_wlop.o
 .bss           0x00000000000001a0        0x0 /opt/riscv/lib/gcc/riscv32-unknown-elf/12.1.0/libgcc.a(muldi3.o)
 *(COMMON)
                0x00000000000001a0                . = ALIGN (0x8)
                0x00000000000001a0                _ebss = .
                0x00000000000001a0                _end = .

.mprjram        0x0000000038000000      0x334 load address 0x0000000010000590
                0x0000000038000000                . = ALIGN (0x8)
                0x0000000038000000                _fsram = .
 *libgcc.a:*(.text .text.*)
 .text          0x0000000038000000       0x24 /opt/riscv/lib/gcc/riscv32-unknown-elf/12.1.0/libgcc.a(muldi3.o)
                0x0000000038000000                __mulsi3
 .mprjram       0x0000000038000024       0xf8 counter_la_wlop.elf-matmul.o
                0x0000000038000024                matmul
 .mprjram       0x000000003800011c       0xf0 counter_la_wlop.elf-qsort.o
                0x000000003800011c                partition
                0x000000003800018c                sort
                0x00000000380001e8                qsort
 .mprjram       0x000000003800020c      0x128 counter_la_wlop.elf-fir.o
                0x000000003800020c                initfir
                0x0000000038000238                firfilter
                0x00000000380002cc                fir
                0x0000000000000600                PROVIDE (_fstack = (ORIGIN (dff2) + LENGTH (dff2)))
                0x0000000010000488                PROVIDE (_fdata_rom = LOADADDR (.data))
                [!provide]                        PROVIDE (_edata_rom = (LOADADDR (.data) + SIZEOF (.data)))
                0x0000000038000334                PROVIDE (_esram = (ORIGIN (mprjram) + SIZEOF (.mprjram)))
                0x0000000010000590                PROVIDE (_esram_rom = LOADADDR (.mprjram))
LOAD counter_la_wlop.elf-crt0_vex.o
LOAD counter_la_wlop.elf-isr.o
LOAD counter_la_wlop.elf-matmul.o
LOAD counter_la_wlop.elf-qsort.o
LOAD counter_la_wlop.elf-fir.o
LOAD counter_la_wlop.elf-uart.o
LOAD counter_la_wlop.elf-counter_la_wlop.o
LOAD /opt/riscv/lib/gcc/riscv32-unknown-elf/12.1.0/libgcc.a
START GROUP
LOAD /opt/riscv/lib/gcc/riscv32-unknown-elf/12.1.0/../../../../riscv32-unknown-elf/lib/libc.a
LOAD /opt/riscv/lib/gcc/riscv32-unknown-elf/12.1.0/../../../../riscv32-unknown-elf/lib/libgloss.a
END GROUP
LOAD /opt/riscv/lib/gcc/riscv32-unknown-elf/12.1.0/libgcc.a
OUTPUT(counter_la_wlop.elf elf32-littleriscv)

.rela.dyn       0x0000000038000334        0x0 load address 0x00000000100008c4
 .rela.text     0x0000000038000334        0x0 counter_la_wlop.elf-crt0_vex.o

.riscv.attributes
                0x0000000000000000       0x20
 .riscv.attributes
                0x0000000000000000       0x1e counter_la_wlop.elf-crt0_vex.o
 .riscv.attributes
                0x000000000000001e       0x20 counter_la_wlop.elf-isr.o
 .riscv.attributes
                0x000000000000003e       0x1c counter_la_wlop.elf-matmul.o
 .riscv.attributes
                0x000000000000005a       0x1c counter_la_wlop.elf-qsort.o
 .riscv.attributes
                0x0000000000000076       0x1c counter_la_wlop.elf-fir.o
 .riscv.attributes
                0x0000000000000092       0x1c counter_la_wlop.elf-uart.o
 .riscv.attributes
                0x00000000000000ae       0x20 counter_la_wlop.elf-counter_la_wlop.o
 .riscv.attributes
                0x00000000000000ce       0x1a /opt/riscv/lib/gcc/riscv32-unknown-elf/12.1.0/libgcc.a(muldi3.o)

.comment        0x0000000000000000       0x1b
 .comment       0x0000000000000000       0x1b counter_la_wlop.elf-isr.o
                                         0x1c (size before relaxing)
 .comment       0x000000000000001b       0x1c counter_la_wlop.elf-matmul.o
 .comment       0x000000000000001b       0x1c counter_la_wlop.elf-qsort.o
 .comment       0x000000000000001b       0x1c counter_la_wlop.elf-fir.o
 .comment       0x000000000000001b       0x1c counter_la_wlop.elf-uart.o
 .comment       0x000000000000001b       0x1c counter_la_wlop.elf-counter_la_wlop.o

.debug_line     0x0000000000000000     0x1357
 .debug_line    0x0000000000000000      0x20a counter_la_wlop.elf-crt0_vex.o
 .debug_line    0x000000000000020a      0x121 counter_la_wlop.elf-isr.o
 .debug_line    0x000000000000032b      0x196 counter_la_wlop.elf-matmul.o
 .debug_line    0x00000000000004c1      0x200 counter_la_wlop.elf-qsort.o
 .debug_line    0x00000000000006c1      0x2e2 counter_la_wlop.elf-fir.o
 .debug_line    0x00000000000009a3      0x2dc counter_la_wlop.elf-uart.o
 .debug_line    0x0000000000000c7f      0x65e counter_la_wlop.elf-counter_la_wlop.o
 .debug_line    0x00000000000012dd       0x7a /opt/riscv/lib/gcc/riscv32-unknown-elf/12.1.0/libgcc.a(muldi3.o)

.debug_line_str
                0x0000000000000000      0x1c0
 .debug_line_str
                0x0000000000000000       0x5b counter_la_wlop.elf-crt0_vex.o
 .debug_line_str
                0x000000000000005b       0x83 counter_la_wlop.elf-isr.o
                                        0x120 (size before relaxing)
 .debug_line_str
                0x00000000000000de       0x12 counter_la_wlop.elf-matmul.o
                                         0xa6 (size before relaxing)
 .debug_line_str
                0x00000000000000f0       0x10 counter_la_wlop.elf-qsort.o
                                         0xa2 (size before relaxing)
 .debug_line_str
                0x0000000000000100        0xc counter_la_wlop.elf-fir.o
                                         0x9a (size before relaxing)
 .debug_line_str
                0x000000000000010c        0x7 counter_la_wlop.elf-uart.o
                                         0xda (size before relaxing)
 .debug_line_str
                0x0000000000000113       0x19 counter_la_wlop.elf-counter_la_wlop.o
                                        0x13c (size before relaxing)
 .debug_line_str
                0x000000000000012c       0x94 /opt/riscv/lib/gcc/riscv32-unknown-elf/12.1.0/libgcc.a(muldi3.o)

.debug_info     0x0000000000000000      0x9f0
 .debug_info    0x0000000000000000       0x25 counter_la_wlop.elf-crt0_vex.o
 .debug_info    0x0000000000000025      0x1cc counter_la_wlop.elf-isr.o
 .debug_info    0x00000000000001f1       0xf0 counter_la_wlop.elf-matmul.o
 .debug_info    0x00000000000002e1      0x170 counter_la_wlop.elf-qsort.o
 .debug_info    0x0000000000000451      0x16c counter_la_wlop.elf-fir.o
 .debug_info    0x00000000000005bd      0x180 counter_la_wlop.elf-uart.o
 .debug_info    0x000000000000073d      0x284 counter_la_wlop.elf-counter_la_wlop.o
 .debug_info    0x00000000000009c1       0x2f /opt/riscv/lib/gcc/riscv32-unknown-elf/12.1.0/libgcc.a(muldi3.o)

.debug_abbrev   0x0000000000000000      0x789
 .debug_abbrev  0x0000000000000000       0x14 counter_la_wlop.elf-crt0_vex.o
 .debug_abbrev  0x0000000000000014      0x170 counter_la_wlop.elf-isr.o
 .debug_abbrev  0x0000000000000184       0xd1 counter_la_wlop.elf-matmul.o
 .debug_abbrev  0x0000000000000255      0x126 counter_la_wlop.elf-qsort.o
 .debug_abbrev  0x000000000000037b      0x106 counter_la_wlop.elf-fir.o
 .debug_abbrev  0x0000000000000481      0x107 counter_la_wlop.elf-uart.o
 .debug_abbrev  0x0000000000000588      0x1e0 counter_la_wlop.elf-counter_la_wlop.o
 .debug_abbrev  0x0000000000000768       0x21 /opt/riscv/lib/gcc/riscv32-unknown-elf/12.1.0/libgcc.a(muldi3.o)

.debug_aranges  0x0000000000000000      0x148
 .debug_aranges
                0x0000000000000000       0x20 counter_la_wlop.elf-crt0_vex.o
 .debug_aranges
                0x0000000000000020       0x20 counter_la_wlop.elf-isr.o
 .debug_aranges
                0x0000000000000040       0x20 counter_la_wlop.elf-matmul.o
 .debug_aranges
                0x0000000000000060       0x30 counter_la_wlop.elf-qsort.o
 .debug_aranges
                0x0000000000000090       0x30 counter_la_wlop.elf-fir.o
 .debug_aranges
                0x00000000000000c0       0x40 counter_la_wlop.elf-uart.o
 .debug_aranges
                0x0000000000000100       0x28 counter_la_wlop.elf-counter_la_wlop.o
 .debug_aranges
                0x0000000000000128       0x20 /opt/riscv/lib/gcc/riscv32-unknown-elf/12.1.0/libgcc.a(muldi3.o)

.debug_str      0x0000000000000000      0x318
 .debug_str     0x0000000000000000       0x67 counter_la_wlop.elf-crt0_vex.o
 .debug_str     0x0000000000000067      0x11b counter_la_wlop.elf-isr.o
                                        0x15c (size before relaxing)
 .debug_str     0x0000000000000182       0x1d counter_la_wlop.elf-matmul.o
                                         0x85 (size before relaxing)
 .debug_str     0x000000000000019f       0x1b counter_la_wlop.elf-qsort.o
                                         0x88 (size before relaxing)
 .debug_str     0x00000000000001ba       0x55 counter_la_wlop.elf-fir.o
                                         0xc6 (size before relaxing)
 .debug_str     0x000000000000020f       0x31 counter_la_wlop.elf-uart.o
                                        0x133 (size before relaxing)
 .debug_str     0x0000000000000240       0x44 counter_la_wlop.elf-counter_la_wlop.o
                                        0x166 (size before relaxing)
 .debug_str     0x0000000000000284       0x94 /opt/riscv/lib/gcc/riscv32-unknown-elf/12.1.0/libgcc.a(muldi3.o)
                                         0xa9 (size before relaxing)

.debug_loclists
                0x0000000000000000      0x379
 .debug_loclists
                0x0000000000000000       0x52 counter_la_wlop.elf-isr.o
 .debug_loclists
                0x0000000000000052       0x8f counter_la_wlop.elf-matmul.o
 .debug_loclists
                0x00000000000000e1       0xed counter_la_wlop.elf-qsort.o
 .debug_loclists
                0x00000000000001ce       0x7d counter_la_wlop.elf-fir.o
 .debug_loclists
                0x000000000000024b       0x7a counter_la_wlop.elf-uart.o
 .debug_loclists
                0x00000000000002c5       0xb4 counter_la_wlop.elf-counter_la_wlop.o

.debug_rnglists
                0x0000000000000000      0x133
 .debug_rnglists
                0x0000000000000000       0x1f counter_la_wlop.elf-isr.o
 .debug_rnglists
                0x000000000000001f       0x16 counter_la_wlop.elf-matmul.o
 .debug_rnglists
                0x0000000000000035       0x28 counter_la_wlop.elf-qsort.o
 .debug_rnglists
                0x000000000000005d       0x7d counter_la_wlop.elf-fir.o
 .debug_rnglists
                0x00000000000000da       0x3a counter_la_wlop.elf-uart.o
 .debug_rnglists
                0x0000000000000114       0x1f counter_la_wlop.elf-counter_la_wlop.o

.debug_frame    0x0000000000000000      0x268
 .debug_frame   0x0000000000000000       0x2c counter_la_wlop.elf-isr.o
 .debug_frame   0x000000000000002c       0x60 counter_la_wlop.elf-matmul.o
 .debug_frame   0x000000000000008c       0x64 counter_la_wlop.elf-qsort.o
 .debug_frame   0x00000000000000f0       0x7c counter_la_wlop.elf-fir.o
 .debug_frame   0x000000000000016c       0x84 counter_la_wlop.elf-uart.o
 .debug_frame   0x00000000000001f0       0x78 counter_la_wlop.elf-counter_la_wlop.o
